******************************************************************************
                  TI ARM Linker PC v20.2.0                     
******************************************************************************
>> Linked Sat May 23 05:28:08 2020

OUTPUT FILE NAME:   <Experimento 2 Tiva c y Driverlib Tivaware.out>
ENTRY POINT SYMBOL: "_c_int00_noargs"  address: 00000c51


MEMORY CONFIGURATION

         name            origin    length      used     unused   attr    fill
----------------------  --------  ---------  --------  --------  ----  --------
  FLASH                 00000000   00040000  00000f56  0003f0aa  R  X
  SRAM                  20000000   00008000  00000220  00007de0  RW X


SEGMENT ALLOCATION MAP

run origin  load origin   length   init length attrs members
----------  ----------- ---------- ----------- ----- -------
00000000    00000000    00000f5c   00000f5c    r-x
  00000000    00000000    0000026c   0000026c    r-- .intvecs
  0000026c    0000026c    00000b62   00000b62    r-x .text
  00000dd0    00000dd0    0000016c   0000016c    r-- .const
  00000f40    00000f40    0000001c   0000001c    r-- .cinit
20000000    20000000    00000220   00000000    rw-
  20000000    20000000    00000200   00000000    rw- .stack
  20000200    20000200    00000020   00000000    rw- .data


SECTION ALLOCATION MAP

 output                                  attributes/
section   page    origin      length       input sections
--------  ----  ----------  ----------   ----------------
.intvecs   0    00000000    0000026c     
                  00000000    0000026c     tm4c123gh6pm_startup_ccs.obj (.intvecs)

.text      0    0000026c    00000b62     
                  0000026c    000003d8     main.obj (.text)
                  00000644    00000132     driverlib.lib : gpio.obj (.text:GPIOPadConfigSet)
                  00000776    00000002     --HOLE-- [fill = 0]
                  00000778    00000110                   : sysctl.obj (.text:SysCtlClockGet)
                  00000888    000000f4                   : sysctl.obj (.text:SysCtlClockSet)
                  0000097c    0000009c     rtsv7M4_T_le_v4SPD16_eabi.lib : memcpy_t2.asm.obj (.text)
                  00000a18    00000068     driverlib.lib : interrupt.obj (.text:IntEnable)
                  00000a80    00000068     rtsv7M4_T_le_v4SPD16_eabi.lib : copy_decompress_lzss.c.obj (.text:decompress:lzss:__TI_decompress_lzss)
                  00000ae8    00000060     driverlib.lib : timer.obj (.text:TimerConfigure)
                  00000b48    00000048                   : gpio.obj (.text:GPIOPinConfigure)
                  00000b90    00000046                   : uart.obj (.text:UARTConfigSetExpClk)
                  00000bd6    00000002     --HOLE-- [fill = 0]
                  00000bd8    00000044     rtsv7M4_T_le_v4SPD16_eabi.lib : autoinit.c.obj (.text:__TI_auto_init_nobinit_nopinit:__TI_auto_init_nobinit_nopinit)
                  00000c1c    00000034     driverlib.lib : sysctl.obj (.text:SysCtlPeripheralEnable)
                  00000c50    00000034     rtsv7M4_T_le_v4SPD16_eabi.lib : boot_cortex_m.c.obj (.text:_c_int00_noargs:_c_int00_noargs)
                  00000c84    0000002a     driverlib.lib : gpio.obj (.text:GPIODirModeSet)
                  00000cae    00000002     --HOLE-- [fill = 0]
                  00000cb0    00000020                   : uart.obj (.text:UARTDisable)
                  00000cd0    00000018                   : gpio.obj (.text:GPIOPinTypeGPIOOutput)
                  00000ce8    00000014                   : uart.obj (.text:UARTEnable)
                  00000cfc    00000012                   : gpio.obj (.text:GPIOPinTypeUART)
                  00000d0e    00000012                   : timer.obj (.text:TimerLoadSet)
                  00000d20    00000010                   : interrupt.obj (.text:IntMasterEnable)
                  00000d30    0000000e                   : timer.obj (.text:TimerEnable)
                  00000d3e    0000000e                   : uart.obj (.text:UARTCharGetNonBlocking)
                  00000d4c    0000000e                   : uart.obj (.text:UARTCharPutNonBlocking)
                  00000d5a    0000000e                   : uart.obj (.text:UARTCharsAvail)
                  00000d68    0000000e     rtsv7M4_T_le_v4SPD16_eabi.lib : copy_decompress_none.c.obj (.text:decompress:none:__TI_decompress_none)
                  00000d76    0000000c     driverlib.lib : cpu.obj (.text:CPUcpsie)
                  00000d82    0000000c     tm4c123gh6pm_startup_ccs.obj (.text)
                  00000d8e    0000000a     driverlib.lib : uart.obj (.text:UARTCharPut)
                  00000d98    0000000a                   : uart.obj (.text:UARTIntStatus)
                  00000da2    00000008                   : timer.obj (.text:TimerIntEnable)
                  00000daa    00000008                   : uart.obj (.text:UARTIntEnable)
                  00000db2    00000006                   : gpio.obj (.text:GPIOPinWrite)
                  00000db8    00000006                   : sysctl.obj (.text:SysCtlDelay)
                  00000dbe    00000004                   : timer.obj (.text:TimerIntClear)
                  00000dc2    00000004                   : uart.obj (.text:UARTIntClear)
                  00000dc6    00000004     rtsv7M4_T_le_v4SPD16_eabi.lib : pre_init.c.obj (.text:_system_pre_init)
                  00000dca    00000004                                   : exit.c.obj (.text:abort:abort)

.const     0    00000dd0    0000016c     
                  00000dd0    00000090     driverlib.lib : gpio.obj (.const:g_pui32GPIOBaseAddrs)
                  00000e60    00000070                   : interrupt.obj (.const)
                  00000ed0    0000006c                   : sysctl.obj (.const:g_pui32Xtals)

.cinit     0    00000f40    0000001c     
                  00000f40    0000000c     (.cinit..data.load) [load image, compression = lzss]
                  00000f4c    00000008     (__TI_handler_table)
                  00000f54    00000008     (__TI_cinit_table)

.init_array 
*          0    00000000    00000000     UNINITIALIZED

.data      0    20000200    00000020     UNINITIALIZED
                  20000200    00000020     main.obj (.data)

.stack     0    20000000    00000200     UNINITIALIZED
                  20000000    00000004     rtsv7M4_T_le_v4SPD16_eabi.lib : boot_cortex_m.c.obj (.stack)
                  20000004    000001fc     --HOLE--

__llvm_prf_cnts 
*          0    20000000    00000000     UNINITIALIZED

MODULE SUMMARY

       Module                         code   ro data   rw data
       ------                         ----   -------   -------
    .\
       main.obj                       984    0         32     
       tm4c123gh6pm_startup_ccs.obj   12     620       0      
    +--+------------------------------+------+---------+---------+
       Total:                         996    620       32     
                                                              
    C:/ti/TivaWare_C_Series-2.1.4.178/driverlib/ccs/Debug/driverlib.lib
       sysctl.obj                     574    108       0      
       gpio.obj                       468    144       0      
       interrupt.obj                  120    112       0      
       uart.obj                       196    0         0      
       timer.obj                      140    0         0      
       cpu.obj                        12     0         0      
    +--+------------------------------+------+---------+---------+
       Total:                         1510   364       0      
                                                              
    C:\ti\ccs1000\ccs\tools\compiler\ti-cgt-arm_20.2.0.LTS\lib\rtsv7M4_T_le_v4SPD16_eabi.lib
       memcpy_t2.asm.obj              156    0         0      
       copy_decompress_lzss.c.obj     104    0         0      
       autoinit.c.obj                 68     0         0      
       boot_cortex_m.c.obj            52     0         0      
       copy_decompress_none.c.obj     14     0         0      
       exit.c.obj                     4      0         0      
       pre_init.c.obj                 4      0         0      
    +--+------------------------------+------+---------+---------+
       Total:                         402    0         0      
                                                              
       Stack:                         0      0         512    
       Linker Generated:              0      28        0      
    +--+------------------------------+------+---------+---------+
       Grand Total:                   2908   1012      544    


LINKER GENERATED COPY TABLES

__TI_cinit_table @ 00000f54 records: 1, size/record: 8, table size: 8
	.data: load addr=00000f40, load size=0000000c bytes, run addr=20000200, run size=00000020 bytes, compression=lzss


LINKER GENERATED HANDLER TABLE

__TI_handler_table @ 00000f4c records: 2, size/record: 4, table size: 8
	index: 0, handler: __TI_decompress_lzss
	index: 1, handler: __TI_decompress_none


GLOBAL SYMBOLS: SORTED ALPHABETICALLY BY Name 

address   name                          
-------   ----                          
00000dcb  C$$EXIT                       
00000d77  CPUcpsie                      
00000c85  GPIODirModeSet                
00000645  GPIOPadConfigSet              
00000b49  GPIOPinConfigure              
00000cd1  GPIOPinTypeGPIOOutput         
00000cfd  GPIOPinTypeUART               
00000db3  GPIOPinWrite                  
00000a19  IntEnable                     
00000d21  IntMasterEnable               
00000295  IntTimer                      
000002b5  IntUART0                      
0000027f  Int_Conf_TMR                  
0000026d  Int_Conf_UART0                
00000d83  ResetISR                      
00000779  SysCtlClockGet                
00000889  SysCtlClockSet                
00000db9  SysCtlDelay                   
00000c1d  SysCtlPeripheralEnable        
00000ae9  TimerConfigure                
00000d31  TimerEnable                   
00000dbf  TimerIntClear                 
00000da3  TimerIntEnable                
00000d0f  TimerLoadSet                  
00000d3f  UARTCharGetNonBlocking        
00000d8f  UARTCharPut                   
00000d4d  UARTCharPutNonBlocking        
00000d5b  UARTCharsAvail                
00000b91  UARTConfigSetExpClk           
00000cb1  UARTDisable                   
00000ce9  UARTEnable                    
00000dc3  UARTIntClear                  
00000dab  UARTIntEnable                 
00000d99  UARTIntStatus                 
20000200  __STACK_END                   
00000200  __STACK_SIZE                  
20000200  __STACK_TOP                   
00000f54  __TI_CINIT_Base               
00000f5c  __TI_CINIT_Limit              
00000f4c  __TI_Handler_Table_Base       
00000f54  __TI_Handler_Table_Limit      
00000bd9  __TI_auto_init_nobinit_nopinit
00000a81  __TI_decompress_lzss          
00000d69  __TI_decompress_none          
ffffffff  __TI_pprof_out_hndl           
ffffffff  __TI_prof_data_size           
ffffffff  __TI_prof_data_start          
00000000  __TI_static_base__            
0000097d  __aeabi_memcpy                
0000097d  __aeabi_memcpy4               
0000097d  __aeabi_memcpy8               
ffffffff  __binit__                     
ffffffff  __c_args__                    
UNDEFED   __mpu_init                    
20000000  __stack                       
20000000  __start___llvm_prf_cnts       
20000000  __stop___llvm_prf_cnts        
00000c51  _c_int00_noargs               
UNDEFED   _system_post_cinit            
00000dc7  _system_pre_init              
00000dcb  abort                         
ffffffff  binit                         
20000218  enable_B                      
20000214  enable_G                      
20000210  enable_R                      
20000200  estado                        
2000020c  estado_B                      
20000208  estado_G                      
20000204  estado_R                      
00000000  g_pfnVectors                  
000003ab  main                          
0000097d  memcpy                        
2000021c  variable                      


GLOBAL SYMBOLS: SORTED BY Symbol Address 

address   name                          
-------   ----                          
00000000  __TI_static_base__            
00000000  g_pfnVectors                  
00000200  __STACK_SIZE                  
0000026d  Int_Conf_UART0                
0000027f  Int_Conf_TMR                  
00000295  IntTimer                      
000002b5  IntUART0                      
000003ab  main                          
00000645  GPIOPadConfigSet              
00000779  SysCtlClockGet                
00000889  SysCtlClockSet                
0000097d  __aeabi_memcpy                
0000097d  __aeabi_memcpy4               
0000097d  __aeabi_memcpy8               
0000097d  memcpy                        
00000a19  IntEnable                     
00000a81  __TI_decompress_lzss          
00000ae9  TimerConfigure                
00000b49  GPIOPinConfigure              
00000b91  UARTConfigSetExpClk           
00000bd9  __TI_auto_init_nobinit_nopinit
00000c1d  SysCtlPeripheralEnable        
00000c51  _c_int00_noargs               
00000c85  GPIODirModeSet                
00000cb1  UARTDisable                   
00000cd1  GPIOPinTypeGPIOOutput         
00000ce9  UARTEnable                    
00000cfd  GPIOPinTypeUART               
00000d0f  TimerLoadSet                  
00000d21  IntMasterEnable               
00000d31  TimerEnable                   
00000d3f  UARTCharGetNonBlocking        
00000d4d  UARTCharPutNonBlocking        
00000d5b  UARTCharsAvail                
00000d69  __TI_decompress_none          
00000d77  CPUcpsie                      
00000d83  ResetISR                      
00000d8f  UARTCharPut                   
00000d99  UARTIntStatus                 
00000da3  TimerIntEnable                
00000dab  UARTIntEnable                 
00000db3  GPIOPinWrite                  
00000db9  SysCtlDelay                   
00000dbf  TimerIntClear                 
00000dc3  UARTIntClear                  
00000dc7  _system_pre_init              
00000dcb  C$$EXIT                       
00000dcb  abort                         
00000f4c  __TI_Handler_Table_Base       
00000f54  __TI_CINIT_Base               
00000f54  __TI_Handler_Table_Limit      
00000f5c  __TI_CINIT_Limit              
20000000  __stack                       
20000000  __start___llvm_prf_cnts       
20000000  __stop___llvm_prf_cnts        
20000200  __STACK_END                   
20000200  __STACK_TOP                   
20000200  estado                        
20000204  estado_R                      
20000208  estado_G                      
2000020c  estado_B                      
20000210  enable_R                      
20000214  enable_G                      
20000218  enable_B                      
2000021c  variable                      
ffffffff  __TI_pprof_out_hndl           
ffffffff  __TI_prof_data_size           
ffffffff  __TI_prof_data_start          
ffffffff  __binit__                     
ffffffff  __c_args__                    
ffffffff  binit                         
UNDEFED   __mpu_init                    
UNDEFED   _system_post_cinit            

[73 symbols]
